../Core/Src/ili9341.c:49:6:lcdInit	16	static
../Core/Src/ili9341.c:208:6:drawAlignedText	32	static
../Core/Src/ili9341.c:223:6:drawClearDay	24	static
../Core/Src/ili9341.c:230:6:drawCloudyDay	32	static
../Core/Src/ili9341.c:250:6:drawRainyDay	24	static
../Core/Src/ili9341.c:260:6:drawSnowyDay	16	static
../Core/Src/ili9341.c:277:6:drawFoggyDay	48	static
../Core/Src/ili9341.c:306:6:drawStormyDay	56	static
../Core/Src/ili9341.c:336:6:drawDiagonal	32	static
../Core/Src/ili9341.c:345:5:getTextWidth	24	static
../Core/Src/ili9341.c:361:6:lcdFillRGB	24	static
../Core/Src/ili9341.c:380:6:lcdDrawPixel	16	static
../Core/Src/ili9341.c:390:6:lcdDrawHLine	32	static
../Core/Src/ili9341.c:419:6:lcdDrawVLine	32	static
../Core/Src/ili9341.c:460:6:lcdDrawLine	48	static
../Core/Src/ili9341.c:523:6:lcdDrawRect	24	static
../Core/Src/ili9341.c:543:6:lcdDrawRoundRect	32	static
../Core/Src/ili9341.c:569:6:lcdDrawCircleHelper	40	static
../Core/Src/ili9341.c:621:6:lcdDrawCircle	40	static
../Core/Src/ili9341.c:669:6:lcdDrawTriangle	32	static
../Core/Src/ili9341.c:686:6:lcdFillCircle	32	static
../Core/Src/ili9341.c:704:6:lcdFillCircleHelper	40	static
../Core/Src/ili9341.c:748:6:lcdFillRect	32	static
../Core/Src/ili9341.c:773:6:lcdFillRoundRect	32	static
../Core/Src/ili9341.c:796:6:lcdFillTriangle	72	static
../Core/Src/ili9341.c:879:6:lcdDrawImage	24	static
../Core/Src/ili9341.c:891:6:lcdHome	8	static
../Core/Src/ili9341.c:910:6:lcdDrawChar	32	static
../Core/Src/ili9341.c:949:6:lcdDrawCharNoBackColor	32	static
../Core/Src/ili9341.c:992:6:lcdPrintf	32	static
../Core/Src/ili9341.c:1037:6:lcdPrintfNoBackColor	16	static
../Core/Src/ili9341.c:1089:6:lcdSetTextFont	16	static
../Core/Src/ili9341.c:1102:6:lcdSetTextColor	16	static
../Core/Src/ili9341.c:1115:6:lcdSetTextWrap	16	static
../Core/Src/ili9341.c:1120:6:lcdSetOrientation	16	static
../Core/Src/ili9341.c:1155:6:lcdSetCursor	16	static
../Core/Src/ili9341.c:1172:6:lcdSetWindow	24	static
../Core/Src/ili9341.c:1187:6:lcdBacklightOff	8	static
../Core/Src/ili9341.c:1192:6:lcdBacklightOn	8	static
../Core/Src/ili9341.c:1197:6:lcdInversionOff	8	static
../Core/Src/ili9341.c:1202:6:lcdInversionOn	8	static
../Core/Src/ili9341.c:1207:6:lcdDisplayOff	8	static
../Core/Src/ili9341.c:1213:6:lcdDisplayOn	8	static
../Core/Src/ili9341.c:1219:6:lcdTearingOff	8	static
../Core/Src/ili9341.c:1224:6:lcdTearingOn	16	static
../Core/Src/ili9341.c:1230:10:lcdGetWidth	4	static
../Core/Src/ili9341.c:1235:10:lcdGetHeight	4	static
../Core/Src/ili9341.c:1240:10:lcdGetControllerID	16	static
../Core/Src/ili9341.c:1251:23:lcdGetOrientation	4	static
../Core/Src/ili9341.c:1256:8:lcdGetTextFont	4	static
../Core/Src/ili9341.c:1261:22:lcdGetProperties	16	static
../Core/Src/ili9341.c:1274:10:lcdReadPixel	24	static
../Core/Src/ili9341.c:1298:10:lcdColor565	16	static
../Core/Src/ili9341.c:1305:13:lcdDrawPixels	32	static
../Core/Src/ili9341.c:1318:13:lcdReset	8	static
../Core/Src/ili9341.c:1325:13:lcdWriteCommand	16	static
../Core/Src/ili9341.c:1331:13:lcdWriteData	16	static
../Core/Src/ili9341.c:1336:23:lcdReadData	4	static
../Core/Src/ili9341.c:1341:22:lcdBuildMemoryAccessControlConfig	24	static
