../Core/Src/main.c:123:5:main	8	static
../Core/Src/main.c:190:6:SystemClock_Config	88	static
../Core/Src/main.c:236:13:MX_SPI2_Init	8	static
../Core/Src/main.c:274:13:MX_USART1_UART_Init	8	static
../Core/Src/main.c:307:13:MX_GPIO_Init	56	static
../Core/Src/main.c:356:13:MX_FSMC_Init	40	static
../Core/Src/main.c:409:6:drawMenuIcon	16	static
../Core/Src/main.c:417:6:drawMenu	16	static
../Core/Src/main.c:445:6:drawBufferScreen	16	static
../Core/Src/main.c:454:6:checkCoordinates	8	static
../Core/Src/main.c:498:6:drawWeather	16	static
../Core/Src/main.c:526:6:drawInterface	32	static
../Core/Src/main.c:607:6:reformatDate	24	static
../Core/Src/main.c:623:6:sendAPIURL	24	static
../Core/Src/main.c:648:6:HAL_UART_RxCpltCallback	16	static
../Core/Src/main.c:675:6:processWeatherData	72	static
../Core/Src/main.c:738:6:HAL_GPIO_EXTI_Callback	16	static
../Core/Src/main.c:754:6:resetBuffer	16	static
../Core/Src/main.c:767:6:Error_Handler	4	static,ignoring_inline_asm
